<testsuites id="" name="" tests="1" failures="1" skipped="0" errors="0" time="51.08526399999998">
<testsuite name="ecommerce.spec.js" timestamp="2024-08-10T15:34:52.085Z" hostname="chromium" tests="1" failures="1" skipped="0" time="31.018" errors="0">
<testcase name="ECommerce Checkout and Payment Process › checkout and payment process" classname="ecommerce.spec.js" time="31.018">
<failure message="ecommerce.spec.js:29:7 checkout and payment process" type="FAILURE">
<![CDATA[  [chromium] › ecommerce.spec.js:29:7 › ECommerce Checkout and Payment Process › checkout and payment process › Payment Process 

    Test timeout of 30000ms exceeded.

    Error: locator.click: Test timeout of 30000ms exceeded.
    Call log:
      - waiting for getByRole('button', { name: 'Confirm order' })


      137 |
      138 |   const confirmOrderButton = page.getByRole('button', { name: 'Confirm order' });
    > 139 |   await confirmOrderButton.click();
          |                            ^
      140 |   logMessage('Confirmed the order');
      141 |
      142 |   await page.goto('https://my.jumia.com.ng/interaction/_rIwUR0g-CWyMCEShzmRc/en-ng/browser-check');

        at /Users/mac/Development/Automation Testing/demo/tests/ecommerce.spec.js:139:28
        at /Users/mac/Development/Automation Testing/demo/tests/ecommerce.spec.js:98:5

    attachment #1: trace (application/zip) ─────────────────────────────────────────────────────────
    test-results/ecommerce-ECommerce-Checko-da605-heckout-and-payment-process-chromium/trace.zip
    Usage:

        npx playwright show-trace test-results/ecommerce-ECommerce-Checko-da605-heckout-and-payment-process-chromium/trace.zip

    ────────────────────────────────────────────────────────────────────────────────────────────────
]]>
</failure>
<system-out>
<![CDATA[
[[ATTACHMENT|../test-results/ecommerce-ECommerce-Checko-da605-heckout-and-payment-process-chromium/trace.zip]]
]]>
</system-out>
</testcase>
</testsuite>
</testsuites>